Archive member included to satisfy reference by file (symbol)

C:/NXP/S32DS.3.5/S32DS/build_tools/gcc_b1620/gcc-6.3-arm32-eabi/arm-none-eabi/newlib/lib/thumb/v7e-m/fpv4-sp/hard\libc_nano.a(lib_a-exit.o)
                              C:/NXP/S32DS.3.5/S32DS/build_tools/gcc_b1620/gcc-6.3-arm32-eabi/arm-none-eabi/newlib/lib/thumb/v7e-m/fpv4-sp/hard/crt0.o (exit)
C:/NXP/S32DS.3.5/S32DS/build_tools/gcc_b1620/gcc-6.3-arm32-eabi/arm-none-eabi/newlib/lib/thumb/v7e-m/fpv4-sp/hard\libc_nano.a(lib_a-impure.o)
                              C:/NXP/S32DS.3.5/S32DS/build_tools/gcc_b1620/gcc-6.3-arm32-eabi/arm-none-eabi/newlib/lib/thumb/v7e-m/fpv4-sp/hard\libc_nano.a(lib_a-exit.o) (_global_impure_ptr)
C:/NXP/S32DS.3.5/S32DS/build_tools/gcc_b1620/gcc-6.3-arm32-eabi/arm-none-eabi/newlib/lib/thumb/v7e-m/fpv4-sp/hard\libc_nano.a(lib_a-init.o)
                              C:/NXP/S32DS.3.5/S32DS/build_tools/gcc_b1620/gcc-6.3-arm32-eabi/arm-none-eabi/newlib/lib/thumb/v7e-m/fpv4-sp/hard/crt0.o (__libc_init_array)
C:/NXP/S32DS.3.5/S32DS/build_tools/gcc_b1620/gcc-6.3-arm32-eabi/arm-none-eabi/newlib/lib/thumb/v7e-m/fpv4-sp/hard\libc_nano.a(lib_a-memset.o)
                              C:/NXP/S32DS.3.5/S32DS/build_tools/gcc_b1620/gcc-6.3-arm32-eabi/arm-none-eabi/newlib/lib/thumb/v7e-m/fpv4-sp/hard/crt0.o (memset)
C:/NXP/S32DS.3.5/S32DS/build_tools/gcc_b1620/gcc-6.3-arm32-eabi/arm-none-eabi/newlib/lib/thumb/v7e-m/fpv4-sp/hard\libc_nano.a(lib_a-sprintf.o)
                              ./src/main.o (sprintf)
C:/NXP/S32DS.3.5/S32DS/build_tools/gcc_b1620/gcc-6.3-arm32-eabi/arm-none-eabi/newlib/lib/thumb/v7e-m/fpv4-sp/hard\libc_nano.a(lib_a-nano-svfprintf.o)
                              C:/NXP/S32DS.3.5/S32DS/build_tools/gcc_b1620/gcc-6.3-arm32-eabi/arm-none-eabi/newlib/lib/thumb/v7e-m/fpv4-sp/hard\libc_nano.a(lib_a-sprintf.o) (_svfprintf_r)
C:/NXP/S32DS.3.5/S32DS/build_tools/gcc_b1620/gcc-6.3-arm32-eabi/arm-none-eabi/newlib/lib/thumb/v7e-m/fpv4-sp/hard\libc_nano.a(lib_a-nano-vfprintf_i.o)
                              C:/NXP/S32DS.3.5/S32DS/build_tools/gcc_b1620/gcc-6.3-arm32-eabi/arm-none-eabi/newlib/lib/thumb/v7e-m/fpv4-sp/hard\libc_nano.a(lib_a-nano-svfprintf.o) (_printf_i)
C:/NXP/S32DS.3.5/S32DS/build_tools/gcc_b1620/gcc-6.3-arm32-eabi/arm-none-eabi/newlib/lib/thumb/v7e-m/fpv4-sp/hard\libc_nano.a(lib_a-memchr.o)
                              C:/NXP/S32DS.3.5/S32DS/build_tools/gcc_b1620/gcc-6.3-arm32-eabi/arm-none-eabi/newlib/lib/thumb/v7e-m/fpv4-sp/hard\libc_nano.a(lib_a-nano-svfprintf.o) (memchr)
C:/NXP/S32DS.3.5/S32DS/build_tools/gcc_b1620/gcc-6.3-arm32-eabi/arm-none-eabi/newlib/lib/thumb/v7e-m/fpv4-sp/hard\libc_nano.a(lib_a-memcpy-stub.o)
                              C:/NXP/S32DS.3.5/S32DS/build_tools/gcc_b1620/gcc-6.3-arm32-eabi/arm-none-eabi/newlib/lib/thumb/v7e-m/fpv4-sp/hard\libc_nano.a(lib_a-nano-svfprintf.o) (memcpy)
C:/NXP/S32DS.3.5/S32DS/build_tools/gcc_b1620/gcc-6.3-arm32-eabi/arm-none-eabi/newlib/lib/thumb/v7e-m/fpv4-sp/hard\libc_nano.a(lib_a-memmove.o)
                              C:/NXP/S32DS.3.5/S32DS/build_tools/gcc_b1620/gcc-6.3-arm32-eabi/arm-none-eabi/newlib/lib/thumb/v7e-m/fpv4-sp/hard\libc_nano.a(lib_a-nano-svfprintf.o) (memmove)
C:/NXP/S32DS.3.5/S32DS/build_tools/gcc_b1620/gcc-6.3-arm32-eabi/arm-none-eabi/newlib/lib/thumb/v7e-m/fpv4-sp/hard\libc_nano.a(lib_a-nano-freer.o)
                              C:/NXP/S32DS.3.5/S32DS/build_tools/gcc_b1620/gcc-6.3-arm32-eabi/arm-none-eabi/newlib/lib/thumb/v7e-m/fpv4-sp/hard\libc_nano.a(lib_a-nano-svfprintf.o) (_free_r)
C:/NXP/S32DS.3.5/S32DS/build_tools/gcc_b1620/gcc-6.3-arm32-eabi/arm-none-eabi/newlib/lib/thumb/v7e-m/fpv4-sp/hard\libc_nano.a(lib_a-nano-mallocr.o)
                              C:/NXP/S32DS.3.5/S32DS/build_tools/gcc_b1620/gcc-6.3-arm32-eabi/arm-none-eabi/newlib/lib/thumb/v7e-m/fpv4-sp/hard\libc_nano.a(lib_a-nano-svfprintf.o) (_malloc_r)
C:/NXP/S32DS.3.5/S32DS/build_tools/gcc_b1620/gcc-6.3-arm32-eabi/arm-none-eabi/newlib/lib/thumb/v7e-m/fpv4-sp/hard\libc_nano.a(lib_a-nano-reallocr.o)
                              C:/NXP/S32DS.3.5/S32DS/build_tools/gcc_b1620/gcc-6.3-arm32-eabi/arm-none-eabi/newlib/lib/thumb/v7e-m/fpv4-sp/hard\libc_nano.a(lib_a-nano-svfprintf.o) (_realloc_r)
C:/NXP/S32DS.3.5/S32DS/build_tools/gcc_b1620/gcc-6.3-arm32-eabi/arm-none-eabi/newlib/lib/thumb/v7e-m/fpv4-sp/hard\libc_nano.a(lib_a-sbrkr.o)
                              C:/NXP/S32DS.3.5/S32DS/build_tools/gcc_b1620/gcc-6.3-arm32-eabi/arm-none-eabi/newlib/lib/thumb/v7e-m/fpv4-sp/hard\libc_nano.a(lib_a-nano-mallocr.o) (_sbrk_r)
C:/NXP/S32DS.3.5/S32DS/build_tools/gcc_b1620/gcc-6.3-arm32-eabi/arm-none-eabi/newlib/lib/thumb/v7e-m/fpv4-sp/hard\libc_nano.a(lib_a-mlock.o)
                              C:/NXP/S32DS.3.5/S32DS/build_tools/gcc_b1620/gcc-6.3-arm32-eabi/arm-none-eabi/newlib/lib/thumb/v7e-m/fpv4-sp/hard\libc_nano.a(lib_a-nano-freer.o) (__malloc_lock)
[...]
Memory Configuration

Name             Origin             Length             Attributes
m_interrupts     0x00000000         0x00000400         xr
m_flash_config   0x00000400         0x00000010         xr
m_text           0x00000410         0x0007fbf0         xr
m_data           0x1fff8000         0x00008000         rw
m_data_2         0x20000000         0x00007000         rw
*default*        0x00000000         0xffffffff

Linker script and memory map

LOAD c:/nxp/s32ds.3.5/s32ds/build_tools/gcc_b1620/gcc-6.3-arm32-eabi/bin/../lib/gcc/arm-none-eabi/6.3.1/thumb/v7e-m/fpv4-sp/hard/crti.o
LOAD c:/nxp/s32ds.3.5/s32ds/build_tools/gcc_b1620/gcc-6.3-arm32-eabi/bin/../lib/gcc/arm-none-eabi/6.3.1/thumb/v7e-m/fpv4-sp/hard/crtbegin.o
LOAD C:/NXP/S32DS.3.5/S32DS/build_tools/gcc_b1620/gcc-6.3-arm32-eabi/arm-none-eabi/newlib/lib/thumb/v7e-m/fpv4-sp/hard/crt0.o
LOAD ./Project_Settings/Startup_Code/startup_S32K144.o
LOAD ./SDK/platform/devices/S32K144/startup/system_S32K144.o
LOAD ./SDK/platform/devices/startup.o
LOAD ./SDK/platform/drivers/src/clock/S32K1xx/clock_S32K1xx.o
LOAD ./SDK/platform/drivers/src/interrupt/interrupt_manager.o
LOAD ./SDK/platform/drivers/src/pins/pins_driver.o
LOAD ./SDK/platform/drivers/src/pins/pins_port_hw_access.o
LOAD ./board/adc_driver.o
LOAD ./board/clock_config.o
LOAD ./board/edma_driver.o
LOAD ./board/edma_hw_access.o
LOAD ./board/edma_irq.o
LOAD ./board/list.o
LOAD ./board/lpi2c_driver.o
LOAD ./board/lpi2c_hw_access.o
LOAD ./board/lpi2c_irq.o
LOAD ./board/osif_baremetal.o
LOAD ./board/peripherals_edma_config_1.o
LOAD ./board/peripherals_lpi2c_config_1.o
LOAD ./board/peripherals_osif_1.o
LOAD ./board/pin_mux.o
LOAD ./src/main.o
START GROUP
LOAD c:/nxp/s32ds.3.5/s32ds/build_tools/gcc_b1620/gcc-6.3-arm32-eabi/bin/../lib/gcc/arm-none-eabi/6.3.1/thumb/v7e-m/fpv4-sp/hard\libgcc.a
LOAD C:/NXP/S32DS.3.5/S32DS/build_tools/gcc_b1620/gcc-6.3-arm32-eabi/arm-none-eabi/newlib/lib/thumb/v7e-m/fpv4-sp/hard\libc_nano.a
END GROUP
START GROUP
LOAD c:/nxp/s32ds.3.5/s32ds/build_tools/gcc_b1620/gcc-6.3-arm32-eabi/bin/../lib/gcc/arm-none-eabi/6.3.1/thumb/v7e-m/fpv4-sp/hard\libgcc.a
LOAD C:/NXP/S32DS.3.5/S32DS/build_tools/gcc_b1620/gcc-6.3-arm32-eabi/arm-none-eabi/newlib/lib/thumb/v7e-m/fpv4-sp/hard\libc_nano.a
LOAD C:/NXP/S32DS.3.5/S32DS/build_tools/gcc_b1620/gcc-6.3-arm32-eabi/arm-none-eabi/newlib/lib/thumb/v7e-m/fpv4-sp/hard\libnosys.a
END GROUP
START GROUP
LOAD c:/nxp/s32ds.3.5/s32ds/build_tools/gcc_b1620/gcc-6.3-arm32-eabi/bin/../lib/gcc/arm-none-eabi/6.3.1/thumb/v7e-m/fpv4-sp/hard\libgcc.a
LOAD C:/NXP/S32DS.3.5/S32DS/build_tools/gcc_b1620/gcc-6.3-arm32-eabi/arm-none-eabi/newlib/lib/thumb/v7e-m/fpv4-sp/hard\libc_nano.a
LOAD C:/NXP/S32DS.3.5/S32DS/build_tools/gcc_b1620/gcc-6.3-arm32-eabi/arm-none-eabi/newlib/lib/thumb/v7e-m/fpv4-sp/hard\libnosys.a
END GROUP
LOAD c:/nxp/s32ds.3.5/s32ds/build_tools/gcc_b1620/gcc-6.3-arm32-eabi/bin/../lib/gcc/arm-none-eabi/6.3.1/thumb/v7e-m/fpv4-sp/hard/crtend.o
LOAD c:/nxp/s32ds.3.5/s32ds/build_tools/gcc_b1620/gcc-6.3-arm32-eabi/bin/../lib/gcc/arm-none-eabi/6.3.1/thumb/v7e-m/fpv4-sp/hard/crtn.o
                0x00000400                HEAP_SIZE = DEFINED (__heap_size__)?__heap_size__:0x400
                0x00000400                STACK_SIZE = DEFINED (__stack_size__)?__stack_size__:0x400
                0x00000400                M_VECTOR_RAM_SIZE = DEFINED (__flash_vector_table__)?0x0:0x400

.interrupts     0x00000000      0x400
                0x00000000                __VECTOR_TABLE = .
                0x00000000                __interrupts_start__ = .
                0x00000000                . = ALIGN (0x4)
 *(.isr_vector)
 .isr_vector    0x00000000      0x400 ./Project_Settings/Startup_Code/startup_S32K144.o
                0x00000000                __isr_vector
                0x00000400                __interrupts_end__ = .
                0x00000400                . = ALIGN (0x4)

.flash_config   0x00000400       0x10
                0x00000400                . = ALIGN (0x4)
 *(.FlashConfig)
 .FlashConfig   0x00000400       0x10 ./Project_Settings/Startup_Code/startup_S32K144.o
                0x00000410                . = ALIGN (0x4)

.text           0x00000410     0x3830
                0x00000410                . = ALIGN (0x4)
 *(.text)
 .text          0x00000410       0x4c ./Project_Settings/Startup_Code/startup_S32K144.o
                0x00000410                Reset_Handler
                0x00000458                DebugMon_Handler
                0x00000458                Reserved88_IRQHandler
                0x00000458                CAN0_ORed_IRQHandler
                0x00000458                HardFault_Handler
                0x00000458                Reserved86_IRQHandler
                0x00000458                Reserved103_IRQHandler
                0x00000458                FTM2_Ovf_Reload_IRQHandler
                0x00000458                Reserved50_IRQHandler
                0x00000458                FTFC_Fault_IRQHandler
                0x00000458                FTM0_Ch6_Ch7_IRQHandler
                0x00000458                Reserved114_IRQHandler
                0x00000458                PendSV_Handler
                0x00000458                NMI_Handler
                0x00000458                Reserved89_IRQHandler
                0x00000458                ERM_double_fault_IRQHandler
                0x00000458                Reserved59_IRQHandler
                0x00000458                LPIT0_Ch0_IRQHandler
                0x00000458                Reserved99_IRQHandler
                0x00000458                FTM3_Ch6_Ch7_IRQHandler
                0x00000458                CAN2_ORed_0_15_MB_IRQHandler
                0x00000458                LPIT0_Ch3_IRQHandler
                0x00000458                Reserved92_IRQHandler
                0x00000458                FTM0_Ch4_Ch5_IRQHandler
                0x00000458                CAN1_Error_IRQHandler
                0x00000458                FTM3_Ch0_Ch1_IRQHandler
                0x00000458                SWI_IRQHandler
                0x00000458                ADC0_IRQHandler
                0x00000458                FTM2_Ch4_Ch5_IRQHandler
                0x00000458                UsageFault_Handler
                0x00000458                FTM0_Ovf_Reload_IRQHandler
                0x00000458                DefaultISR
                0x00000458                Reserved58_IRQHandler
                0x00000458                CAN1_ORed_0_15_MB_IRQHandler
                0x00000458                FTM1_Ch2_Ch3_IRQHandler
                0x00000458                Reserved82_IRQHandler
                0x00000458                CAN0_ORed_16_31_MB_IRQHandler
                0x00000458                Reserved71_IRQHandler
                0x00000458                PORTD_IRQHandler
                0x00000458                Reserved69_IRQHandler
                0x00000458                PORTB_IRQHandler
                0x00000458                Reserved70_IRQHandler
                0x00000458                ADC1_IRQHandler
                0x00000458                FTM2_Ch2_Ch3_IRQHandler
                0x00000458                Reserved53_IRQHandler
                0x00000458                RTC_IRQHandler
                0x00000458                PDB0_IRQHandler
                0x00000458                Reserved54_IRQHandler
                0x00000458                FTM2_Ch6_Ch7_IRQHandler
                0x00000458                FTM3_Ch2_Ch3_IRQHandler
                0x00000458                FTM2_Ch0_Ch1_IRQHandler
                0x00000458                LPSPI1_IRQHandler
                0x00000458                LPUART1_RxTx_IRQHandler
                0x00000458                RTC_Seconds_IRQHandler
                0x00000458                CAN2_ORed_IRQHandler
                0x00000458                Reserved72_IRQHandler
                0x00000458                Reserved110_IRQHandler
                0x00000458                Reserved107_IRQHandler
                0x00000458                Read_Collision_IRQHandler
                0x00000458                CAN2_Error_IRQHandler
                0x00000458                FTFC_IRQHandler
                0x00000458                FTM1_Ch6_Ch7_IRQHandler
                0x00000458                Reserved105_IRQHandler
                0x00000458                LPIT0_Ch1_IRQHandler
                0x00000458                FTM1_Ch4_Ch5_IRQHandler
                0x00000458                FTM3_Ovf_Reload_IRQHandler
                0x00000458                LPUART2_RxTx_IRQHandler
                0x00000458                LPSPI0_IRQHandler
                0x00000458                WDOG_EWM_IRQHandler
                0x00000458                MemManage_Handler
                0x00000458                Reserved90_IRQHandler
                0x00000458                Reserved83_IRQHandler
                0x00000458                FTM0_Fault_IRQHandler
                0x00000458                Reserved48_IRQHandler
                0x00000458                SVC_Handler
                0x00000458                ERM_single_fault_IRQHandler
                0x00000458                FTM2_Fault_IRQHandler
                0x00000458                FTM0_Ch2_Ch3_IRQHandler
                0x00000458                FTM0_Ch0_Ch1_IRQHandler
                0x00000458                FTM3_Fault_IRQHandler
                0x00000458                RCM_IRQHandler
                0x00000458                Reserved100_IRQHandler
                0x00000458                Reserved91_IRQHandler
                0x00000458                CAN1_ORed_IRQHandler
                0x00000458                SCG_IRQHandler
                0x00000458                PDB1_IRQHandler
                0x00000458                Reserved81_IRQHandler
                0x00000458                Reserved46_IRQHandler
                0x00000458                Reserved45_IRQHandler
                0x00000458                CAN0_Error_IRQHandler
                0x00000458                Reserved112_IRQHandler
                0x00000458                FTM1_Fault_IRQHandler
                0x00000458                Reserved106_IRQHandler
                0x00000458                LVD_LVW_IRQHandler
                0x00000458                LPIT0_Ch2_IRQHandler
                0x00000458                PORTA_IRQHandler
                0x00000458                MCM_IRQHandler
                0x00000458                LPSPI2_IRQHandler
                0x00000458                FTM3_Ch4_Ch5_IRQHandler
                0x00000458                CAN0_ORed_0_15_MB_IRQHandler
                0x00000458                PORTE_IRQHandler
                0x00000458                LPUART0_RxTx_IRQHandler
                0x00000458                LPTMR0_IRQHandler
                0x00000458                BusFault_Handler
                0x00000458                Reserved87_IRQHandler
                0x00000458                FTM1_Ovf_Reload_IRQHandler
                0x00000458                Reserved93_IRQHandler
                0x00000458                CAN0_Wake_Up_IRQHandler
                0x00000458                CMP0_IRQHandler
                0x00000458                Reserved52_IRQHandler
                0x00000458                PORTC_IRQHandler
                0x00000458                FTM1_Ch0_Ch1_IRQHandler
                0x00000458                FLEXIO_IRQHandler
                0x00000458                Reserved113_IRQHandler
 *fill*         0x0000045c        0x4 
 .text          0x00000460       0xa0 C:/NXP/S32DS.3.5/S32DS/build_tools/gcc_b1620/gcc-6.3-arm32-eabi/arm-none-eabi/newlib/lib/thumb/v7e-m/fpv4-sp/hard\libc_nano.a(lib_a-memchr.o)
                0x00000460                memchr
 *(.text*)
 .text.SystemInit
                0x00000500       0x3c ./SDK/platform/devices/S32K144/startup/system_S32K144.o
                0x00000500                SystemInit
 .text.init_data_bss
                0x0000053c       0xd8 ./SDK/platform/devices/startup.o
                0x0000053c                init_data_bss
 .text.CLOCK_SYS_GetCurrentRunMode
                0x00000614       0x24 ./SDK/platform/drivers/src/clock/S32K1xx/clock_S32K1xx.o
 .text.CLOCK_SYS_GetSysOscFreq
                0x00000638       0x1c ./SDK/platform/drivers/src/clock/S32K1xx/clock_S32K1xx.o
 .text.CLOCK_SYS_ConfigureSOSC
                0x00000654      0x12c ./SDK/platform/drivers/src/clock/S32K1xx/clock_S32K1xx.o
 .text.CLOCK_SYS_GetSircFreq
                0x00000780       0x2c ./SDK/platform/drivers/src/clock/S32K1xx/clock_S32K1xx.o
 .text.CLOCK_SYS_ConfigureSIRC
                0x000007ac       0xc4 ./SDK/platform/drivers/src/clock/S32K1xx/clock_S32K1xx.o
 .text.CLOCK_SYS_GetFircFreq
                0x00000870       0x20 ./SDK/platform/drivers/src/clock/S32K1xx/clock_S32K1xx.o
 .text.CLOCK_SYS_ConfigureFIRC
                0x00000890       0xb4 ./SDK/platform/drivers/src/clock/S32K1xx/clock_S32K1xx.o
 .text.CLOCK_SYS_GetSysPllFreq
                0x00000944       0x44 ./SDK/platform/drivers/src/clock/S32K1xx/clock_S32K1xx.o
 .text.CLOCK_SYS_ConfigureSPLL
                0x00000988      0x104 ./SDK/platform/drivers/src/clock/S32K1xx/clock_S32K1xx.o
 .text.CLOCK_SYS_SetSystemClockConfig
                0x00000a8c      0x1e4 ./SDK/platform/drivers/src/clock/S32K1xx/clock_S32K1xx.o
 .text.CLOCK_SYS_TransitionSystemClock
                0x00000c70       0x3c ./SDK/platform/drivers/src/clock/S32K1xx/clock_S32K1xx.o
 .text.CLOCK_SYS_GetSystemClockFreq
                0x00000cac       0x78 ./SDK/platform/drivers/src/clock/S32K1xx/clock_S32K1xx.o
 .text.CLOCK_SYS_GetScgClkOutFreq
                0x00000d24       0x48 ./SDK/platform/drivers/src/clock/S32K1xx/clock_S32K1xx.o
 .text.CLOCK_SYS_GetSysAsyncFreq
                0x00000d6c       0xdc ./SDK/platform/drivers/src/clock/S32K1xx/clock_S32K1xx.o
 .text.CLOCK_SYS_GetSimRtcClkFreq
                0x00000e48       0x50 ./SDK/platform/drivers/src/clock/S32K1xx/clock_S32K1xx.o
 .text.CLOCK_SYS_GetLpoFreq
                0x00000e98       0x4c ./SDK/platform/drivers/src/clock/S32K1xx/clock_S32K1xx.o
 .text.CLOCK_SYS_GetSimClkOutFreq
                0x00000ee4       0xac ./SDK/platform/drivers/src/clock/S32K1xx/clock_S32K1xx.o
 .text.CLOCK_SYS_GetSimClockFreq
                0x00000f90      0x1a8 ./SDK/platform/drivers/src/clock/S32K1xx/clock_S32K1xx.o
 .text.CLOCK_SYS_GetPeripheralClock
                0x00001138       0xcc ./SDK/platform/drivers/src/clock/S32K1xx/clock_S32K1xx.o
 .text.CLOCK_DRV_Init
                0x00001204      0x618 ./SDK/platform/drivers/src/clock/S32K1xx/clock_S32K1xx.o
                0x00001204                CLOCK_DRV_Init
 .text.CLOCK_DRV_GetFreq
                0x0000181c      0x230 ./SDK/platform/drivers/src/clock/S32K1xx/clock_S32K1xx.o
                0x0000181c                CLOCK_DRV_GetFreq
 .text.CLOCK_SYS_GetFreq
                0x00001a4c        0x8 ./SDK/platform/drivers/src/clock/S32K1xx/clock_S32K1xx.o
                0x00001a4c                CLOCK_SYS_GetFreq
 .text.INT_SYS_EnableIRQ
                0x00001a54       0x18 ./SDK/platform/drivers/src/interrupt/interrupt_manager.o
                0x00001a54                INT_SYS_EnableIRQ
 .text.INT_SYS_EnableIRQGlobal
                0x00001a6c       0x1c ./SDK/platform/drivers/src/interrupt/interrupt_manager.o
                0x00001a6c                INT_SYS_EnableIRQGlobal
 .text.INT_SYS_DisableIRQGlobal
                0x00001a88       0x10 ./SDK/platform/drivers/src/interrupt/interrupt_manager.o
                0x00001a88                INT_SYS_DisableIRQGlobal
 .text.PINS_DRV_Init
                0x00001a98       0x20 ./SDK/platform/drivers/src/pins/pins_driver.o
                0x00001a98                PINS_DRV_Init
 .text.PINS_GetAdcInterleaveVal
                0x00001ab8       0x6c ./SDK/platform/drivers/src/pins/pins_port_hw_access.o
 .text.PINS_Init
                0x00001b24      0x114 ./SDK/platform/drivers/src/pins/pins_port_hw_access.o
                0x00001b24                PINS_Init
 .text.ADC_DRV_InitChanStruct
                0x00001c38        0xa ./board/adc_driver.o
                0x00001c38                ADC_DRV_InitChanStruct
 *fill*         0x00001c42        0x2 
 .text.ADC_DRV_ConfigChan
                0x00001c44       0x58 ./board/adc_driver.o
                0x00001c44                ADC_DRV_ConfigChan
 .text.ADC_DRV_WaitConvDone
                0x00001c9c       0x18 ./board/adc_driver.o
                0x00001c9c                ADC_DRV_WaitConvDone
 .text.ADC_DRV_GetChanResult
                0x00001cb4       0x18 ./board/adc_driver.o
                0x00001cb4                ADC_DRV_GetChanResult
 .text.EDMA_DRV_InstallCallback
                0x00001ccc       0x20 ./board/edma_driver.o
                0x00001ccc                EDMA_DRV_InstallCallback
 .text.EDMA_DRV_IRQHandler
                0x00001cec       0x2c ./board/edma_driver.o
                0x00001cec                EDMA_DRV_IRQHandler
 .text.EDMA_DRV_ErrorIRQHandler
                0x00001d18       0x3c ./board/edma_driver.o
                0x00001d18                EDMA_DRV_ErrorIRQHandler
 .text.EDMA_DRV_ConfigSingleBlockTransfer
                0x00001d54      0x154 ./board/edma_driver.o
                0x00001d54                EDMA_DRV_ConfigSingleBlockTransfer
 .text.EDMA_DRV_ConfigMultiBlockTransfer
                0x00001ea8       0x64 ./board/edma_driver.o
                0x00001ea8                EDMA_DRV_ConfigMultiBlockTransfer
 .text.EDMA_DRV_StartChannel
                0x00001f0c       0x18 ./board/edma_driver.o
                0x00001f0c                EDMA_DRV_StartChannel
 .text.EDMA_DRV_StopChannel
                0x00001f24       0x18 ./board/edma_driver.o
                0x00001f24                EDMA_DRV_StopChannel
 .text.EDMA_DRV_SetChannelRequestAndTrigger
                0x00001f3c       0x44 ./board/edma_driver.o
                0x00001f3c                EDMA_DRV_SetChannelRequestAndTrigger
 .text.EDMA_DRV_SetSrcLastAddrAdjustment
                0x00001f80       0x16 ./board/edma_driver.o
                0x00001f80                EDMA_DRV_SetSrcLastAddrAdjustment
 .text.EDMA_DRV_DisableRequestsOnTransferComplete
                0x00001f96       0x38 ./board/edma_driver.o
                0x00001f96                EDMA_DRV_DisableRequestsOnTransferComplete
 *fill*         0x00001fce        0x2 
 .text.EDMA_DRV_GetDmaRegBaseAddr
                0x00001fd0        0x8 ./board/edma_driver.o
                0x00001fd0                EDMA_DRV_GetDmaRegBaseAddr
 .text.EDMA_SetDmaRequestCmd
                0x00001fd8        0xa ./board/edma_hw_access.o
                0x00001fd8                EDMA_SetDmaRequestCmd
 .text.EDMA_TCDClearReg
                0x00001fe2       0x4a ./board/edma_hw_access.o
                0x00001fe2                EDMA_TCDClearReg
 .text.EDMA_TCDSetAttribute
                0x0000202c       0x30 ./board/edma_hw_access.o
                0x0000202c                EDMA_TCDSetAttribute
 .text.EDMA_TCDSetNbytes
                0x0000205c       0x5c ./board/edma_hw_access.o
                0x0000205c                EDMA_TCDSetNbytes
 .text.EDMA_TCDSetMajorCount
                0x000020b8       0x5e ./board/edma_hw_access.o
                0x000020b8                EDMA_TCDSetMajorCount
 .text.DMA0_IRQHandler
                0x00002116        0xa ./board/edma_irq.o
                0x00002116                DMA0_IRQHandler
 .text.DMA1_IRQHandler
                0x00002120        0xa ./board/edma_irq.o
                0x00002120                DMA1_IRQHandler
 .text.DMA2_IRQHandler
                0x0000212a        0xa ./board/edma_irq.o
                0x0000212a                DMA2_IRQHandler
 .text.DMA3_IRQHandler
                0x00002134        0xa ./board/edma_irq.o
                0x00002134                DMA3_IRQHandler
 .text.DMA4_IRQHandler
                0x0000213e        0xa ./board/edma_irq.o
                0x0000213e                DMA4_IRQHandler
 .text.DMA5_IRQHandler
                0x00002148        0xa ./board/edma_irq.o
                0x00002148                DMA5_IRQHandler
 .text.DMA6_IRQHandler
                0x00002152        0xa ./board/edma_irq.o
                0x00002152                DMA6_IRQHandler
 .text.DMA7_IRQHandler
                0x0000215c        0xa ./board/edma_irq.o
                0x0000215c                DMA7_IRQHandler
 .text.DMA8_IRQHandler
                0x00002166        0xa ./board/edma_irq.o
                0x00002166                DMA8_IRQHandler
 .text.DMA9_IRQHandler
                0x00002170        0xa ./board/edma_irq.o
                0x00002170                DMA9_IRQHandler
 .text.DMA10_IRQHandler
                0x0000217a        0xa ./board/edma_irq.o
                0x0000217a                DMA10_IRQHandler
 .text.DMA11_IRQHandler
                0x00002184        0xa ./board/edma_irq.o
                0x00002184                DMA11_IRQHandler
 .text.DMA12_IRQHandler
                0x0000218e        0xa ./board/edma_irq.o
                0x0000218e                DMA12_IRQHandler
 .text.DMA13_IRQHandler
                0x00002198        0xa ./board/edma_irq.o
                0x00002198                DMA13_IRQHandler
 .text.DMA14_IRQHandler
                0x000021a2        0xa ./board/edma_irq.o
                0x000021a2                DMA14_IRQHandler
 .text.DMA15_IRQHandler
                0x000021ac        0xa ./board/edma_irq.o
                0x000021ac                DMA15_IRQHandler
 .text.DMA_Error_IRQHandler
                0x000021b6       0x28 ./board/edma_irq.o
                0x000021b6                DMA_Error_IRQHandler
 .text.LPI2C_DRV_MasterSendAddress
                0x000021de       0xe6 ./board/lpi2c_driver.o
 .text.LPI2C_DRV_MasterQueueData
                0x000022c4       0x4c ./board/lpi2c_driver.o
 .text.LPI2C_DRV_SlaveEndTransfer
                0x00002310       0x4e ./board/lpi2c_driver.o
 .text.LPI2C_DRV_MasterEndTransfer
                0x0000235e       0x68 ./board/lpi2c_driver.o
 *fill*         0x000023c6        0x2 
 .text.LPI2C_DRV_MasterCompleteDMATransfer
                0x000023c8       0x8c ./board/lpi2c_driver.o
 .text.LPI2C_DRV_SlaveEndTransferHandler
                0x00002454       0x3a ./board/lpi2c_driver.o
 *fill*         0x0000248e        0x2 
 .text.LPI2C_DRV_ConfigureDmaTransfer
                0x00002490       0x60 ./board/lpi2c_driver.o
 .text.LPI2C_DRV_MasterStartDmaTransfer
                0x000024f0      0x114 ./board/lpi2c_driver.o
 .text.LPI2C_DRV_SlaveStartDmaTransfer
                0x00002604       0x9c ./board/lpi2c_driver.o
 .text.LPI2C_DRV_MasterSetBaudRate
                0x000026a0      0x128 ./board/lpi2c_driver.o
                0x000026a0                LPI2C_DRV_MasterSetBaudRate
 .text.LPI2C_DRV_MasterInit
                0x000027c8       0xa4 ./board/lpi2c_driver.o
                0x000027c8                LPI2C_DRV_MasterInit
 .text.LPI2C_DRV_MasterReinit
                0x0000286c       0x5c ./board/lpi2c_driver.o
 .text.LPI2C_DRV_MasterWaitTransferEnd
                0x000028c8       0xc8 ./board/lpi2c_driver.o
 .text.LPI2C_DRV_MasterSendData
                0x00002990       0x70 ./board/lpi2c_driver.o
                0x00002990                LPI2C_DRV_MasterSendData
 .text.LPI2C_DRV_MasterSendDataBlocking
                0x00002a00       0x4c ./board/lpi2c_driver.o
                0x00002a00                LPI2C_DRV_MasterSendDataBlocking
 .text.LPI2C_DRV_MasterIRQHandler
                0x00002a4c      0x248 ./board/lpi2c_driver.o
                0x00002a4c                LPI2C_DRV_MasterIRQHandler
 .text.LPI2C_DRV_SlaveIRQHandler
                0x00002c94      0x1cc ./board/lpi2c_driver.o
                0x00002c94                LPI2C_DRV_SlaveIRQHandler
 .text.LPI2C_Init
                0x00002e60       0x1e ./board/lpi2c_hw_access.o
                0x00002e60                LPI2C_Init
 .text.LPI2C0_Master_IRQHandler
                0x00002e7e        0xa ./board/lpi2c_irq.o
                0x00002e7e                LPI2C0_Master_IRQHandler
 .text.LPI2C0_Slave_IRQHandler
                0x00002e88        0xa ./board/lpi2c_irq.o
                0x00002e88                LPI2C0_Slave_IRQHandler
 *fill*         0x00002e92        0x2 
 .text.SysTick_Handler
                0x00002e94       0x10 ./board/osif_baremetal.o
                0x00002e94                SysTick_Handler
 .text.OSIF_TimeDelay
                0x00002ea4       0x60 ./board/osif_baremetal.o
                0x00002ea4                OSIF_TimeDelay
 .text.OSIF_SemaWait
                0x00002f04       0x84 ./board/osif_baremetal.o
                0x00002f04                OSIF_SemaWait
 .text.OSIF_SemaPost
                0x00002f88       0x26 ./board/osif_baremetal.o
                0x00002f88                OSIF_SemaPost
 .text.OSIF_SemaCreate
                0x00002fae       0x14 ./board/osif_baremetal.o
                0x00002fae                OSIF_SemaCreate
 *fill*         0x00002fc2        0x2 
 .text.WDOG_disable
                0x00002fc4       0x1c ./src/main.o
                0x00002fc4                WDOG_disable
 .text.LCD_SendByte
                0x00002fe0       0x46 ./src/main.o
                0x00002fe0                LCD_SendByte
 .text.LCD_SendCommand
                0x00003026        0xa ./src/main.o
                0x00003026                LCD_SendCommand
 .text.LCD_SendData
                0x00003030        0xa ./src/main.o
                0x00003030                LCD_SendData
 .text.LCD_SendString
                0x0000303a       0x16 ./src/main.o
                0x0000303a                LCD_SendString
 .text.LCD_Init
                0x00003050       0x66 ./src/main.o
                0x00003050                LCD_Init
 *fill*         0x000030b6        0x2 
 .text.main     0x000030b8       0xdc ./src/main.o
                0x000030b8                main
 .text.sprintf  0x00003194       0x48 C:/NXP/S32DS.3.5/S32DS/build_tools/gcc_b1620/gcc-6.3-arm32-eabi/arm-none-eabi/newlib/lib/thumb/v7e-m/fpv4-sp/hard\libc_nano.a(lib_a-sprintf.o)
                0x00003194                siprintf
                0x00003194                sprintf
 .text.__ssputs_r
                0x000031dc       0xb6 C:/NXP/S32DS.3.5/S32DS/build_tools/gcc_b1620/gcc-6.3-arm32-eabi/arm-none-eabi/newlib/lib/thumb/v7e-m/fpv4-sp/hard\libc_nano.a(lib_a-nano-svfprintf.o)
                0x000031dc                __ssputs_r
 *fill*         0x00003292        0x2 
 .text._svfprintf_r
                0x00003294      0x1ec C:/NXP/S32DS.3.5/S32DS/build_tools/gcc_b1620/gcc-6.3-arm32-eabi/arm-none-eabi/newlib/lib/thumb/v7e-m/fpv4-sp/hard\libc_nano.a(lib_a-nano-svfprintf.o)
                0x00003294                _svfiprintf_r
                0x00003294                _svfprintf_r
 .text._printf_common
                0x00003480       0xec C:/NXP/S32DS.3.5/S32DS/build_tools/gcc_b1620/gcc-6.3-arm32-eabi/arm-none-eabi/newlib/lib/thumb/v7e-m/fpv4-sp/hard\libc_nano.a(lib_a-nano-vfprintf_i.o)
                0x00003480                _printf_common
 .text._printf_i
                0x0000356c      0x240 C:/NXP/S32DS.3.5/S32DS/build_tools/gcc_b1620/gcc-6.3-arm32-eabi/arm-none-eabi/newlib/lib/thumb/v7e-m/fpv4-sp/hard\libc_nano.a(lib_a-nano-vfprintf_i.o)
                0x0000356c                _printf_i
 .text.memcpy   0x000037ac       0x1c C:/NXP/S32DS.3.5/S32DS/build_tools/gcc_b1620/gcc-6.3-arm32-eabi/arm-none-eabi/newlib/lib/thumb/v7e-m/fpv4-sp/hard\libc_nano.a(lib_a-memcpy-stub.o)
                0x000037ac                memcpy
 .text.memmove  0x000037c8       0x34 C:/NXP/S32DS.3.5/S32DS/build_tools/gcc_b1620/gcc-6.3-arm32-eabi/arm-none-eabi/newlib/lib/thumb/v7e-m/fpv4-sp/hard\libc_nano.a(lib_a-memmove.o)
                0x000037c8                memmove
 .text._free_r  0x000037fc       0x9c C:/NXP/S32DS.3.5/S32DS/build_tools/gcc_b1620/gcc-6.3-arm32-eabi/arm-none-eabi/newlib/lib/thumb/v7e-m/fpv4-sp/hard\libc_nano.a(lib_a-nano-freer.o)
                0x000037fc                _free_r
 .text._malloc_r
                0x00003898       0xbc C:/NXP/S32DS.3.5/S32DS/build_tools/gcc_b1620/gcc-6.3-arm32-eabi/arm-none-eabi/newlib/lib/thumb/v7e-m/fpv4-sp/hard\libc_nano.a(lib_a-nano-mallocr.o)
                0x00003898                _malloc_r
 .text._realloc_r
                0x00003954       0x4c C:/NXP/S32DS.3.5/S32DS/build_tools/gcc_b1620/gcc-6.3-arm32-eabi/arm-none-eabi/newlib/lib/thumb/v7e-m/fpv4-sp/hard\libc_nano.a(lib_a-nano-reallocr.o)
                0x00003954                _realloc_r
 .text._sbrk_r  0x000039a0       0x20 C:/NXP/S32DS.3.5/S32DS/build_tools/gcc_b1620/gcc-6.3-arm32-eabi/arm-none-eabi/newlib/lib/thumb/v7e-m/fpv4-sp/hard\libc_nano.a(lib_a-sbrkr.o)
                0x000039a0                _sbrk_r
 .text.__malloc_lock
                0x000039c0        0x2 C:/NXP/S32DS.3.5/S32DS/build_tools/gcc_b1620/gcc-6.3-arm32-eabi/arm-none-eabi/newlib/lib/thumb/v7e-m/fpv4-sp/hard\libc_nano.a(lib_a-mlock.o)
                0x000039c0                __malloc_lock
 .text.__malloc_unlock
                0x000039c2        0x2 C:/NXP/S32DS.3.5/S32DS/build_tools/gcc_b1620/gcc-6.3-arm32-eabi/arm-none-eabi/newlib/lib/thumb/v7e-m/fpv4-sp/hard\libc_nano.a(lib_a-mlock.o)
                0x000039c2                __malloc_unlock
 .text._malloc_usable_size_r
                0x000039c4       0x12 C:/NXP/S32DS.3.5/S32DS/build_tools/gcc_b1620/gcc-6.3-arm32-eabi/arm-none-eabi/newlib/lib/thumb/v7e-m/fpv4-sp/hard\libc_nano.a(lib_a-nano-msizer.o)
                0x000039c4                _malloc_usable_size_r
 *fill*         0x000039d6        0x2 
 .text._sbrk    0x000039d8       0x1c C:/NXP/S32DS.3.5/S32DS/build_tools/gcc_b1620/gcc-6.3-arm32-eabi/arm-none-eabi/newlib/lib/thumb/v7e-m/fpv4-sp/hard\libnosys.a(sbrk.o)
                0x000039d8                _sbrk
 *(.rodata)
 *(.rodata*)
 .rodata.clockNameMappings
                0x000039f4       0x9e ./SDK/platform/drivers/src/clock/S32K1xx/clock_S32K1xx.o
                0x000039f4                clockNameMappings
 *fill*         0x00003a92        0x2 
 .rodata.maxSysClksInHSRUN.7627
                0x00003a94       0x54 ./SDK/platform/drivers/src/clock/S32K1xx/clock_S32K1xx.o
 .rodata.maxSysClksInRUN.7626
                0x00003ae8       0x54 ./SDK/platform/drivers/src/clock/S32K1xx/clock_S32K1xx.o
 .rodata.maxSysClksInVLPR.7625
                0x00003b3c       0x54 ./SDK/platform/drivers/src/clock/S32K1xx/clock_S32K1xx.o
 .rodata.peripheralFeaturesList
                0x00003b90       0x4f ./SDK/platform/drivers/src/clock/S32K1xx/clock_S32K1xx.o
                0x00003b90                peripheralFeaturesList
 *fill*         0x00003bdf        0x1 
 .rodata.s_adcBase
                0x00003be0        0x8 ./board/adc_driver.o
 .rodata.g_lpi2cDMASrc
                0x00003be8        0x2 ./board/lpi2c_driver.o
 *fill*         0x00003bea        0x2 
 .rodata.main.str1.4
                0x00003bec       0x18 ./src/main.o
                                 0x16 (size before relaxing)
 .rodata._svfprintf_r.str1.1
                0x00003c04       0x11 C:/NXP/S32DS.3.5/S32DS/build_tools/gcc_b1620/gcc-6.3-arm32-eabi/arm-none-eabi/newlib/lib/thumb/v7e-m/fpv4-sp/hard\libc_nano.a(lib_a-nano-svfprintf.o)
 .rodata._printf_i.str1.1
                0x00003c15       0x22 C:/NXP/S32DS.3.5/S32DS/build_tools/gcc_b1620/gcc-6.3-arm32-eabi/arm-none-eabi/newlib/lib/thumb/v7e-m/fpv4-sp/hard\libc_nano.a(lib_a-nano-vfprintf_i.o)
 *(.init)
 *fill*         0x00003c37        0x1 
 .init          0x00003c38        0x4 c:/nxp/s32ds.3.5/s32ds/build_tools/gcc_b1620/gcc-6.3-arm32-eabi/bin/../lib/gcc/arm-none-eabi/6.3.1/thumb/v7e-m/fpv4-sp/hard/crti.o
                0x00003c38                _init
 *(.fini)
 .fini          0x00003c3c        0x4 c:/nxp/s32ds.3.5/s32ds/build_tools/gcc_b1620/gcc-6.3-arm32-eabi/bin/../lib/gcc/arm-none-eabi/6.3.1/thumb/v7e-m/fpv4-sp/hard/crti.o
                0x00003c3c                _fini
 *(.eh_frame)
                0x00003c40                . = ALIGN (0x4)

.glue_7         0x00003c40        0x0
 .glue_7        0x00003c40        0x0 linker stubs

.glue_7t        0x00003c40        0x0
 .glue_7t       0x00003c40        0x0 linker stubs

.vfp11_veneer   0x00003c40        0x0
 .vfp11_veneer  0x00003c40        0x0 linker stubs

.v4_bx          0x00003c40        0x0
 .v4_bx         0x00003c40        0x0 linker stubs

.iplt           0x00003c40        0x0
 .iplt          0x00003c40        0x0 ./Project_Settings/Startup_Code/startup_S32K144.o

.rel.dyn        0x00003c40        0x0
 .rel.iplt      0x00003c40        0x0 ./Project_Settings/Startup_Code/startup_S32K144.o

.ARM            0x00003c40        0x0
                0x00003c40                __exidx_start = .
 *(.ARM.exidx*)
                0x00003c40                __exidx_end = .
                0x00003c40                __etext = .
                0x00003c40                __DATA_ROM = .

.interrupts_ram
                0x1fff8000      0x400
                0x1fff8000                . = ALIGN (0x4)
                0x1fff8000                __VECTOR_RAM__ = .
                0x1fff8000                __RAM_START = .
                0x1fff8000                __interrupts_ram_start__ = .
 *(.m_interrupts_ram)
                0x1fff8400                . = (. + M_VECTOR_RAM_SIZE)
 *fill*         0x1fff8000      0x400 
                0x1fff8400                . = ALIGN (0x4)
                0x1fff8400                __interrupts_ram_end__ = .
                0x1fff8000                __VECTOR_RAM = DEFINED (__flash_vector_table__)?ORIGIN (m_interrupts):__VECTOR_RAM__
                0x00000400                __RAM_VECTOR_TABLE_SIZE = DEFINED (__flash_vector_table__)?0x0:(__interrupts_ram_end__ - __interrupts_ram_start__)

.data           0x1fff8400      0x28c load address 0x00003c40
                0x1fff8400                . = ALIGN (0x4)
                0x1fff8400                __DATA_RAM = .
                0x1fff8400                __data_start__ = .
 *(.data)
 *(.data*)
 .data.peripheralClockConfig.7374
                0x1fff8400       0xa0 ./SDK/platform/drivers/src/clock/S32K1xx/clock_S32K1xx.o
 .data.clockMan1_InitConfig0
                0x1fff84a0       0x88 ./board/clock_config.o
                0x1fff84a0                clockMan1_InitConfig0
 .data.peripheralClockConfig0
                0x1fff8528       0xa0 ./board/clock_config.o
                0x1fff8528                peripheralClockConfig0
 .data.first_init.6874
                0x1fff85c8        0x1 ./board/osif_baremetal.o
 *fill*         0x1fff85c9        0x3 
 .data.lpi2c0_MasterConfig0
                0x1fff85cc       0x14 ./board/peripherals_lpi2c_config_1.o
                0x1fff85cc                lpi2c0_MasterConfig0
 .data.g_pin_mux_InitConfigArr0
                0x1fff85e0       0x48 ./board/pin_mux.o
                0x1fff85e0                g_pin_mux_InitConfigArr0
 .data._impure_ptr
                0x1fff8628        0x4 C:/NXP/S32DS.3.5/S32DS/build_tools/gcc_b1620/gcc-6.3-arm32-eabi/arm-none-eabi/newlib/lib/thumb/v7e-m/fpv4-sp/hard\libc_nano.a(lib_a-impure.o)
                0x1fff8628                _impure_ptr
 .data.impure_data
                0x1fff862c       0x60 C:/NXP/S32DS.3.5/S32DS/build_tools/gcc_b1620/gcc-6.3-arm32-eabi/arm-none-eabi/newlib/lib/thumb/v7e-m/fpv4-sp/hard\libc_nano.a(lib_a-impure.o)
                0x1fff868c                . = ALIGN (0x4)
                0x1fff868c                __data_end__ = .
                0x00003ecc                __DATA_END = (__DATA_ROM + (__data_end__ - __data_start__))
                0x00003ecc                __CODE_ROM = __DATA_END

.igot.plt       0x1fff868c        0x0 load address 0x00003ecc
 .igot.plt      0x1fff868c        0x0 ./Project_Settings/Startup_Code/startup_S32K144.o

.code           0x1fff868c        0x0 load address 0x00003ecc
                0x1fff868c                . = ALIGN (0x4)
                0x1fff868c                __CODE_RAM = .
                0x1fff868c                __code_start__ = .
                0x1fff868c                __code_ram_start__ = .
 *(.code_ram)
                0x1fff868c                . = ALIGN (0x4)
                0x1fff868c                __code_end__ = .
                0x1fff868c                __code_ram_end__ = .
                0x00003ecc                __CODE_END = (__CODE_ROM + (__code_end__ - __code_start__))
                0x00003ecc                __CUSTOM_ROM = __CODE_END

.customSectionBlock
                0x20000000        0x0 load address 0x00003ecc
                0x20000000                __customSection_start__ = .
 *(.customSection)
                0x20000000                __customSection_end__ = .
                0x00003ecc                __CUSTOM_END = (__CUSTOM_ROM + (__customSection_end__ - __customSection_start__))
                0x00003ecc                __rom_end = __CUSTOM_END

.bss            0x20000000       0x7c
                0x20000000                . = ALIGN (0x4)
                0x20000000                __BSS_START = .
                0x20000000                __bss_start__ = .
 *(.bss)
 *(.bss*)
 .bss.g_RtcClkInFreq
                0x20000000        0x4 ./SDK/platform/drivers/src/clock/S32K1xx/clock_S32K1xx.o
                0x20000000                g_RtcClkInFreq
 .bss.g_TClkFreq
                0x20000004        0xc ./SDK/platform/drivers/src/clock/S32K1xx/clock_S32K1xx.o
                0x20000004                g_TClkFreq
 .bss.g_xtal0ClkFreq
                0x20000010        0x4 ./SDK/platform/drivers/src/clock/S32K1xx/clock_S32K1xx.o
                0x20000010                g_xtal0ClkFreq
 .bss.g_interruptDisableCount
                0x20000014        0x4 ./SDK/platform/drivers/src/interrupt/interrupt_manager.o
 .bss.s_virtEdmaState
                0x20000018        0x4 ./board/edma_driver.o
 .bss.g_lpi2cMasterStatePtr
                0x2000001c        0x4 ./board/lpi2c_driver.o
 .bss.g_lpi2cSlaveStatePtr
                0x20000020        0x4 ./board/lpi2c_driver.o
 .bss.s_osif_tick_cnt
                0x20000024        0x4 ./board/osif_baremetal.o
 .bss.g_adc_result
                0x20000028        0x2 ./src/main.o
                0x20000028                g_adc_result
 *fill*         0x2000002a        0x2 
 .bss.g_lpi2c0MasterState
                0x2000002c       0x3c ./src/main.o
                0x2000002c                g_lpi2c0MasterState
 .bss.g_temperature_celsius
                0x20000068        0x4 ./src/main.o
                0x20000068                g_temperature_celsius
 .bss.__malloc_free_list
                0x2000006c        0x4 C:/NXP/S32DS.3.5/S32DS/build_tools/gcc_b1620/gcc-6.3-arm32-eabi/arm-none-eabi/newlib/lib/thumb/v7e-m/fpv4-sp/hard\libc_nano.a(lib_a-nano-mallocr.o)
                0x2000006c                __malloc_free_list
 .bss.__malloc_sbrk_start
                0x20000070        0x4 C:/NXP/S32DS.3.5/S32DS/build_tools/gcc_b1620/gcc-6.3-arm32-eabi/arm-none-eabi/newlib/lib/thumb/v7e-m/fpv4-sp/hard\libc_nano.a(lib_a-nano-mallocr.o)
                0x20000070                __malloc_sbrk_start
 .bss.errno     0x20000074        0x4 C:/NXP/S32DS.3.5/S32DS/build_tools/gcc_b1620/gcc-6.3-arm32-eabi/arm-none-eabi/newlib/lib/thumb/v7e-m/fpv4-sp/hard\libc_nano.a(lib_a-reent.o)
                0x20000074                errno
 .bss.heap_end.5365
                0x20000078        0x4 C:/NXP/S32DS.3.5/S32DS/build_tools/gcc_b1620/gcc-6.3-arm32-eabi/arm-none-eabi/newlib/lib/thumb/v7e-m/fpv4-sp/hard\libnosys.a(sbrk.o)
 *(COMMON)
                0x2000007c                . = ALIGN (0x4)
                0x2000007c                __bss_end__ = .
                0x2000007c                __BSS_END = .

.heap           0x2000007c      0x404
                0x20000080                . = ALIGN (0x8)
 *fill*         0x2000007c        0x4 
                0x20000080                __end__ = .
                0x20000080                __heap_start__ = .
                0x20000080                PROVIDE (end = .)
                [!provide]                PROVIDE (_end = .)
                [!provide]                PROVIDE (__end = .)
                0x20000080                __HeapBase = .
                0x20000480                . = (. + HEAP_SIZE)
 *fill*         0x20000080      0x400 
                0x20000480                __HeapLimit = .
                0x20000480                __heap_limit = .
                0x20000480                __heap_end__ = .
                0x20007000                __StackTop = (ORIGIN (m_data_2) + LENGTH (m_data_2))
                0x20006c00                __StackLimit = (__StackTop - STACK_SIZE)
                0x20007000                PROVIDE (__stack = __StackTop)
                0x20007000                __RAM_END = __StackTop

.stack          0x20006c00      0x400
                0x20006c00                . = ALIGN (0x8)
                0x20006c00                __stack_start__ = .
                0x20007000                . = (. + STACK_SIZE)
 *fill*         0x20006c00      0x400 
                0x20007000                __stack_end__ = .

.ARM.attributes
                0x00000000       0x30
 *(.ARM.attributes)
 .ARM.attributes
                0x00000000       0x22 c:/nxp/s32ds.3.5/s32ds/build_tools/gcc_b1620/gcc-6.3-arm32-eabi/bin/../lib/gcc/arm-none-eabi/6.3.1/thumb/v7e-m/fpv4-sp/hard/crti.o
 .ARM.attributes
                0x00000022       0x1f ./Project_Settings/Startup_Code/startup_S32K144.o
 .ARM.attributes
                0x00000041       0x39 ./SDK/platform/devices/S32K144/startup/system_S32K144.o
 .ARM.attributes
                0x0000007a       0x39 ./SDK/platform/devices/startup.o
 .ARM.attributes
                0x000000b3       0x39 ./SDK/platform/drivers/src/clock/S32K1xx/clock_S32K1xx.o
 .ARM.attributes
                0x000000ec       0x39 ./SDK/platform/drivers/src/interrupt/interrupt_manager.o
 .ARM.attributes
                0x00000125       0x39 ./SDK/platform/drivers/src/pins/pins_driver.o
 .ARM.attributes
                0x0000015e       0x39 ./SDK/platform/drivers/src/pins/pins_port_hw_access.o
 .ARM.attributes
                0x00000197       0x39 ./board/adc_driver.o
 .ARM.attributes
                0x000001d0       0x39 ./board/clock_config.o
 .ARM.attributes
                0x00000209       0x39 ./board/edma_driver.o
 .ARM.attributes
                0x00000242       0x39 ./board/edma_hw_access.o
 .ARM.attributes
                0x0000027b       0x39 ./board/edma_irq.o
 .ARM.attributes
                0x000002b4       0x39 ./board/lpi2c_driver.o
 .ARM.attributes
                0x000002ed       0x39 ./board/lpi2c_hw_access.o
 .ARM.attributes
                0x00000326       0x39 ./board/lpi2c_irq.o
 .ARM.attributes
                0x0000035f       0x39 ./board/osif_baremetal.o
 .ARM.attributes
                0x00000398       0x39 ./board/peripherals_lpi2c_config_1.o
 .ARM.attributes
                0x000003d1       0x39 ./board/pin_mux.o
 .ARM.attributes
                0x0000040a       0x39 ./src/main.o
 .ARM.attributes
                0x00000443       0x34 C:/NXP/S32DS.3.5/S32DS/build_tools/gcc_b1620/gcc-6.3-arm32-eabi/arm-none-eabi/newlib/lib/thumb/v7e-m/fpv4-sp/hard\libc_nano.a(lib_a-impure.o)
 .ARM.attributes
                0x00000477       0x34 C:/NXP/S32DS.3.5/S32DS/build_tools/gcc_b1620/gcc-6.3-arm32-eabi/arm-none-eabi/newlib/lib/thumb/v7e-m/fpv4-sp/hard\libc_nano.a(lib_a-sprintf.o)
 .ARM.attributes
                0x000004ab       0x34 C:/NXP/S32DS.3.5/S32DS/build_tools/gcc_b1620/gcc-6.3-arm32-eabi/arm-none-eabi/newlib/lib/thumb/v7e-m/fpv4-sp/hard\libc_nano.a(lib_a-nano-svfprintf.o)
 .ARM.attributes
                0x000004df       0x34 C:/NXP/S32DS.3.5/S32DS/build_tools/gcc_b1620/gcc-6.3-arm32-eabi/arm-none-eabi/newlib/lib/thumb/v7e-m/fpv4-sp/hard\libc_nano.a(lib_a-nano-vfprintf_i.o)
 .ARM.attributes
                0x00000513       0x20 C:/NXP/S32DS.3.5/S32DS/build_tools/gcc_b1620/gcc-6.3-arm32-eabi/arm-none-eabi/newlib/lib/thumb/v7e-m/fpv4-sp/hard\libc_nano.a(lib_a-memchr.o)
 .ARM.attributes
                0x00000533       0x34 C:/NXP/S32DS.3.5/S32DS/build_tools/gcc_b1620/gcc-6.3-arm32-eabi/arm-none-eabi/newlib/lib/thumb/v7e-m/fpv4-sp/hard\libc_nano.a(lib_a-memcpy-stub.o)
 .ARM.attributes
                0x00000567       0x34 C:/NXP/S32DS.3.5/S32DS/build_tools/gcc_b1620/gcc-6.3-arm32-eabi/arm-none-eabi/newlib/lib/thumb/v7e-m/fpv4-sp/hard\libc_nano.a(lib_a-memmove.o)
 .ARM.attributes
                0x0000059b       0x34 C:/NXP/S32DS.3.5/S32DS/build_tools/gcc_b1620/gcc-6.3-arm32-eabi/arm-none-eabi/newlib/lib/thumb/v7e-m/fpv4-sp/hard\libc_nano.a(lib_a-nano-freer.o)
 .ARM.attributes
                0x000005cf       0x34 C:/NXP/S32DS.3.5/S32DS/build_tools/gcc_b1620/gcc-6.3-arm32-eabi/arm-none-eabi/newlib/lib/thumb/v7e-m/fpv4-sp/hard\libc_nano.a(lib_a-nano-mallocr.o)
 .ARM.attributes
                0x00000603       0x34 C:/NXP/S32DS.3.5/S32DS/build_tools/gcc_b1620/gcc-6.3-arm32-eabi/arm-none-eabi/newlib/lib/thumb/v7e-m/fpv4-sp/hard\libc_nano.a(lib_a-nano-reallocr.o)
 .ARM.attributes
                0x00000637       0x34 C:/NXP/S32DS.3.5/S32DS/build_tools/gcc_b1620/gcc-6.3-arm32-eabi/arm-none-eabi/newlib/lib/thumb/v7e-m/fpv4-sp/hard\libc_nano.a(lib_a-sbrkr.o)
 .ARM.attributes
                0x0000066b       0x34 C:/NXP/S32DS.3.5/S32DS/build_tools/gcc_b1620/gcc-6.3-arm32-eabi/arm-none-eabi/newlib/lib/thumb/v7e-m/fpv4-sp/hard\libc_nano.a(lib_a-mlock.o)
 .ARM.attributes
                0x0000069f       0x34 C:/NXP/S32DS.3.5/S32DS/build_tools/gcc_b1620/gcc-6.3-arm32-eabi/arm-none-eabi/newlib/lib/thumb/v7e-m/fpv4-sp/hard\libc_nano.a(lib_a-nano-msizer.o)
 .ARM.attributes
                0x000006d3       0x34 C:/NXP/S32DS.3.5/S32DS/build_tools/gcc_b1620/gcc-6.3-arm32-eabi/arm-none-eabi/newlib/lib/thumb/v7e-m/fpv4-sp/hard\libc_nano.a(lib_a-reent.o)
 .ARM.attributes
                0x00000707       0x34 C:/NXP/S32DS.3.5/S32DS/build_tools/gcc_b1620/gcc-6.3-arm32-eabi/arm-none-eabi/newlib/lib/thumb/v7e-m/fpv4-sp/hard\libnosys.a(sbrk.o)
                0x00000001                ASSERT ((__rom_end <= (ORIGIN (m_text) + LENGTH (m_text))), Region m_text overflowed!)
                0x00000001                ASSERT ((__StackLimit >= __HeapLimit), region m_data_2 overflowed with stack and heap)
OUTPUT(LCD1602andLM35onS32K144.elf elf32-littlearm)

.debug_line     0x00000000     0x5624
 .debug_line    0x00000000       0x82 ./Project_Settings/Startup_Code/startup_S32K144.o
 .debug_line    0x00000082      0x257 ./SDK/platform/devices/S32K144/startup/system_S32K144.o
 .debug_line    0x000002d9      0x16f ./SDK/platform/devices/startup.o
 .debug_line    0x00000448     0x11ba ./SDK/platform/drivers/src/clock/S32K1xx/clock_S32K1xx.o
 .debug_line    0x00001602      0x35a ./SDK/platform/drivers/src/interrupt/interrupt_manager.o
 .debug_line    0x0000195c      0x4bf ./SDK/platform/drivers/src/pins/pins_driver.o
 .debug_line    0x00001e1b      0x2f0 ./SDK/platform/drivers/src/pins/pins_port_hw_access.o
 .debug_line    0x0000210b      0x731 ./board/adc_driver.o
 .debug_line    0x0000283c      0x240 ./board/clock_config.o
 .debug_line    0x00002a7c      0x8e1 ./board/edma_driver.o
 .debug_line    0x0000335d      0x35d ./board/edma_hw_access.o
 .debug_line    0x000036ba      0x2c3 ./board/edma_irq.o
 .debug_line    0x0000397d      0xe37 ./board/lpi2c_driver.o
 .debug_line    0x000047b4      0x1ac ./board/lpi2c_hw_access.o
 .debug_line    0x00004960       0x69 ./board/lpi2c_irq.o
 .debug_line    0x000049c9      0x3e8 ./board/osif_baremetal.o
 .debug_line    0x00004db1      0x1a2 ./board/peripherals_lpi2c_config_1.o
 .debug_line    0x00004f53      0x1cf ./board/pin_mux.o
 .debug_line    0x00005122      0x502 ./src/main.o

.debug_info     0x00000000    0x1a68d
 .debug_info    0x00000000       0x26 ./Project_Settings/Startup_Code/startup_S32K144.o
 .debug_info    0x00000026      0x521 ./SDK/platform/devices/S32K144/startup/system_S32K144.o
 .debug_info    0x00000547      0x2ad ./SDK/platform/devices/startup.o
 .debug_info    0x000007f4     0x5c5e ./SDK/platform/drivers/src/clock/S32K1xx/clock_S32K1xx.o
 .debug_info    0x00006452      0x997 ./SDK/platform/drivers/src/interrupt/interrupt_manager.o
 .debug_info    0x00006de9     0x13d5 ./SDK/platform/drivers/src/pins/pins_driver.o
 .debug_info    0x000081be      0x8a8 ./SDK/platform/drivers/src/pins/pins_port_hw_access.o
 .debug_info    0x00008a66     0x2eca ./board/adc_driver.o
 .debug_info    0x0000b930     0x12b5 ./board/clock_config.o
 .debug_info    0x0000cbe5     0x3770 ./board/edma_driver.o
 .debug_info    0x00010355      0x95d ./board/edma_hw_access.o
 .debug_info    0x00010cb2      0x6da ./board/edma_irq.o
 .debug_info    0x0001138c     0x575e ./board/lpi2c_driver.o
 .debug_info    0x00016aea      0x432 ./board/lpi2c_hw_access.o
 .debug_info    0x00016f1c       0xdc ./board/lpi2c_irq.o
 .debug_info    0x00016ff8      0xac5 ./board/osif_baremetal.o
 .debug_info    0x00017abd      0x1c9 ./board/peripherals_lpi2c_config_1.o
 .debug_info    0x00017c86      0x405 ./board/pin_mux.o
 .debug_info    0x0001808b     0x2602 ./src/main.o

.debug_abbrev   0x00000000     0x26a7
 .debug_abbrev  0x00000000       0x14 ./Project_Settings/Startup_Code/startup_S32K144.o
 .debug_abbrev  0x00000014      0x140 ./SDK/platform/devices/S32K144/startup/system_S32K144.o
 .debug_abbrev  0x00000154       0xe0 ./SDK/platform/devices/startup.o
 .debug_abbrev  0x00000234      0x3ec ./SDK/platform/drivers/src/clock/S32K1xx/clock_S32K1xx.o
 .debug_abbrev  0x00000620      0x1f4 ./SDK/platform/drivers/src/interrupt/interrupt_manager.o
 .debug_abbrev  0x00000814      0x2db ./SDK/platform/drivers/src/pins/pins_driver.o
 .debug_abbrev  0x00000aef      0x1f5 ./SDK/platform/drivers/src/pins/pins_port_hw_access.o
 .debug_abbrev  0x00000ce4      0x397 ./board/adc_driver.o
 .debug_abbrev  0x0000107b      0x122 ./board/clock_config.o
 .debug_abbrev  0x0000119d      0x422 ./board/edma_driver.o
 .debug_abbrev  0x000015bf      0x205 ./board/edma_hw_access.o
 .debug_abbrev  0x000017c4      0x1b8 ./board/edma_irq.o
 .debug_abbrev  0x0000197c      0x43e ./board/lpi2c_driver.o
 .debug_abbrev  0x00001dba      0x16e ./board/lpi2c_hw_access.o
 .debug_abbrev  0x00001f28       0x6c ./board/lpi2c_irq.o
 .debug_abbrev  0x00001f94      0x2c6 ./board/osif_baremetal.o
 .debug_abbrev  0x0000225a       0xa5 ./board/peripherals_lpi2c_config_1.o
 .debug_abbrev  0x000022ff       0xca ./board/pin_mux.o
 .debug_abbrev  0x000023c9      0x2de ./src/main.o

.debug_aranges  0x00000000      0x900
 .debug_aranges
                0x00000000       0x20 ./Project_Settings/Startup_Code/startup_S32K144.o
 .debug_aranges
                0x00000020       0x30 ./SDK/platform/devices/S32K144/startup/system_S32K144.o
 .debug_aranges
                0x00000050       0x20 ./SDK/platform/devices/startup.o
 .debug_aranges
                0x00000070      0x128 ./SDK/platform/drivers/src/clock/S32K1xx/clock_S32K1xx.o
 .debug_aranges
                0x00000198       0x70 ./SDK/platform/drivers/src/interrupt/interrupt_manager.o
 .debug_aranges
                0x00000208       0xe0 ./SDK/platform/drivers/src/pins/pins_driver.o
 .debug_aranges
                0x000002e8       0x40 ./SDK/platform/drivers/src/pins/pins_port_hw_access.o
 .debug_aranges
                0x00000328       0xe0 ./board/adc_driver.o
 .debug_aranges
                0x00000408       0x18 ./board/clock_config.o
 .debug_aranges
                0x00000420      0x138 ./board/edma_driver.o
 .debug_aranges
                0x00000558       0x88 ./board/edma_hw_access.o
 .debug_aranges
                0x000005e0       0xa0 ./board/edma_irq.o
 .debug_aranges
                0x00000680      0x148 ./board/lpi2c_driver.o
 .debug_aranges
                0x000007c8       0x20 ./board/lpi2c_hw_access.o
 .debug_aranges
                0x000007e8       0x28 ./board/lpi2c_irq.o
 .debug_aranges
                0x00000810       0x70 ./board/osif_baremetal.o
 .debug_aranges
                0x00000880       0x18 ./board/peripherals_lpi2c_config_1.o
 .debug_aranges
                0x00000898       0x18 ./board/pin_mux.o
 .debug_aranges
                0x000008b0       0x50 ./src/main.o

.debug_str      0x00000000     0x982d
 .debug_str     0x00000000       0x6b ./Project_Settings/Startup_Code/startup_S32K144.o
 .debug_str     0x0000006b      0x402 ./SDK/platform/devices/S32K144/startup/system_S32K144.o
                                0x44f (size before relaxing)
 .debug_str     0x0000046d      0x20c ./SDK/platform/devices/startup.o
                                0x431 (size before relaxing)
 .debug_str     0x00000679     0x35e7 ./SDK/platform/drivers/src/clock/S32K1xx/clock_S32K1xx.o
                               0x39a1 (size before relaxing)
 .debug_str     0x00003c60      0x783 ./SDK/platform/drivers/src/interrupt/interrupt_manager.o
                                0xb94 (size before relaxing)
 .debug_str     0x000043e3      0x96d ./SDK/platform/drivers/src/pins/pins_driver.o
                               0x145a (size before relaxing)
 .debug_str     0x00004d50      0x1a2 ./SDK/platform/drivers/src/pins/pins_port_hw_access.o
                                0x942 (size before relaxing)
 .debug_str     0x00004ef2      0xfca ./board/adc_driver.o
                               0x25a7 (size before relaxing)
 .debug_str     0x00005ebc       0x71 ./board/clock_config.o
                               0x2356 (size before relaxing)
 .debug_str     0x00005f2d     0x183e ./board/edma_driver.o
                               0x2a24 (size before relaxing)
 .debug_str     0x0000776b       0x2e ./board/edma_hw_access.o
                                0x7e8 (size before relaxing)
 .debug_str     0x00007799      0x14a ./board/edma_irq.o
                                0x4fd (size before relaxing)
 .debug_str     0x000078e3     0x1813 ./board/lpi2c_driver.o
                               0x3421 (size before relaxing)
 .debug_str     0x000090f6       0x56 ./board/lpi2c_hw_access.o
                                0x3cb (size before relaxing)
 .debug_str     0x0000914c       0x46 ./board/lpi2c_irq.o
                                0x28d (size before relaxing)
 .debug_str     0x00009192      0x18a ./board/osif_baremetal.o
                               0x10ee (size before relaxing)
 .debug_str     0x0000931c       0x3b ./board/peripherals_lpi2c_config_1.o
                                0x3bc (size before relaxing)
 .debug_str     0x00009357       0x2c ./board/pin_mux.o
                                0x606 (size before relaxing)
 .debug_str     0x00009383      0x4aa ./src/main.o
                               0x2df7 (size before relaxing)

.debug_loc      0x00000000     0xe1ea
 .debug_loc     0x00000000      0x10a ./SDK/platform/devices/S32K144/startup/system_S32K144.o
 .debug_loc     0x0000010a       0xec ./SDK/platform/devices/startup.o
 .debug_loc     0x000001f6     0x4df7 ./SDK/platform/drivers/src/clock/S32K1xx/clock_S32K1xx.o
 .debug_loc     0x00004fed      0x252 ./SDK/platform/drivers/src/interrupt/interrupt_manager.o
 .debug_loc     0x0000523f      0x77f ./SDK/platform/drivers/src/pins/pins_driver.o
 .debug_loc     0x000059be      0x56a ./SDK/platform/drivers/src/pins/pins_port_hw_access.o
 .debug_loc     0x00005f28     0x140b ./board/adc_driver.o
 .debug_loc     0x00007333     0x28d9 ./board/edma_driver.o
 .debug_loc     0x00009c0c      0x6fa ./board/edma_hw_access.o
 .debug_loc     0x0000a306       0x50 ./board/edma_irq.o
 .debug_loc     0x0000a356     0x3a8c ./board/lpi2c_driver.o
 .debug_loc     0x0000dde2       0x94 ./board/lpi2c_hw_access.o
 .debug_loc     0x0000de76      0x275 ./board/osif_baremetal.o
 .debug_loc     0x0000e0eb       0xff ./src/main.o

.debug_ranges   0x00000000      0xdb0
 .debug_ranges  0x00000000       0x20 ./SDK/platform/devices/S32K144/startup/system_S32K144.o
 .debug_ranges  0x00000020       0x10 ./SDK/platform/devices/startup.o
 .debug_ranges  0x00000030      0x3f0 ./SDK/platform/drivers/src/clock/S32K1xx/clock_S32K1xx.o
 .debug_ranges  0x00000420       0x98 ./SDK/platform/drivers/src/interrupt/interrupt_manager.o
 .debug_ranges  0x000004b8       0xd0 ./SDK/platform/drivers/src/pins/pins_driver.o
 .debug_ranges  0x00000588       0x30 ./SDK/platform/drivers/src/pins/pins_port_hw_access.o
 .debug_ranges  0x000005b8      0x170 ./board/adc_driver.o
 .debug_ranges  0x00000728      0x158 ./board/edma_driver.o
 .debug_ranges  0x00000880       0x90 ./board/edma_hw_access.o
 .debug_ranges  0x00000910       0x90 ./board/edma_irq.o
 .debug_ranges  0x000009a0      0x318 ./board/lpi2c_driver.o
 .debug_ranges  0x00000cb8       0x10 ./board/lpi2c_hw_access.o
 .debug_ranges  0x00000cc8       0x18 ./board/lpi2c_irq.o
 .debug_ranges  0x00000ce0       0x90 ./board/osif_baremetal.o
 .debug_ranges  0x00000d70       0x40 ./src/main.o

.comment        0x00000000       0x7e
 .comment       0x00000000       0x7e ./SDK/platform/devices/S32K144/startup/system_S32K144.o
                                 0x7f (size before relaxing)
 .comment       0x0000007e       0x7f ./SDK/platform/devices/startup.o
 .comment       0x0000007e       0x7f ./SDK/platform/drivers/src/clock/S32K1xx/clock_S32K1xx.o
 .comment       0x0000007e       0x7f ./SDK/platform/drivers/src/interrupt/interrupt_manager.o
 .comment       0x0000007e       0x7f ./SDK/platform/drivers/src/pins/pins_driver.o
 .comment       0x0000007e       0x7f ./SDK/platform/drivers/src/pins/pins_port_hw_access.o
 .comment       0x0000007e       0x7f ./board/adc_driver.o
 .comment       0x0000007e       0x7f ./board/clock_config.o
 .comment       0x0000007e       0x7f ./board/edma_driver.o
 .comment       0x0000007e       0x7f ./board/edma_hw_access.o
 .comment       0x0000007e       0x7f ./board/edma_irq.o
 .comment       0x0000007e       0x7f ./board/lpi2c_driver.o
 .comment       0x0000007e       0x7f ./board/lpi2c_hw_access.o
 .comment       0x0000007e       0x7f ./board/lpi2c_irq.o
 .comment       0x0000007e       0x7f ./board/osif_baremetal.o
 .comment       0x0000007e       0x7f ./board/peripherals_lpi2c_config_1.o
 .comment       0x0000007e       0x7f ./board/pin_mux.o
 .comment       0x0000007e       0x7f ./src/main.o

.debug_frame    0x00000000     0x1970
 .debug_frame   0x00000000       0x40 ./SDK/platform/devices/S32K144/startup/system_S32K144.o
 .debug_frame   0x00000040       0x2c ./SDK/platform/devices/startup.o
 .debug_frame   0x0000006c      0x398 ./SDK/platform/drivers/src/clock/S32K1xx/clock_S32K1xx.o
 .debug_frame   0x00000404       0xd8 ./SDK/platform/drivers/src/interrupt/interrupt_manager.o
 .debug_frame   0x000004dc      0x1e4 ./SDK/platform/drivers/src/pins/pins_driver.o
 .debug_frame   0x000006c0       0x98 ./SDK/platform/drivers/src/pins/pins_port_hw_access.o
 .debug_frame   0x00000758      0x22c ./board/adc_driver.o
 .debug_frame   0x00000984      0x388 ./board/edma_driver.o
 .debug_frame   0x00000d0c      0x144 ./board/edma_hw_access.o
 .debug_frame   0x00000e50      0x1ac ./board/edma_irq.o
 .debug_frame   0x00000ffc      0x420 ./board/lpi2c_driver.o
 .debug_frame   0x0000141c       0x20 ./board/lpi2c_hw_access.o
 .debug_frame   0x0000143c       0x40 ./board/lpi2c_irq.o
 .debug_frame   0x0000147c       0xf8 ./board/osif_baremetal.o
 .debug_frame   0x00001574       0xb4 ./src/main.o
 .debug_frame   0x00001628       0x70 C:/NXP/S32DS.3.5/S32DS/build_tools/gcc_b1620/gcc-6.3-arm32-eabi/arm-none-eabi/newlib/lib/thumb/v7e-m/fpv4-sp/hard\libc_nano.a(lib_a-sprintf.o)
 .debug_frame   0x00001698       0x90 C:/NXP/S32DS.3.5/S32DS/build_tools/gcc_b1620/gcc-6.3-arm32-eabi/arm-none-eabi/newlib/lib/thumb/v7e-m/fpv4-sp/hard\libc_nano.a(lib_a-nano-svfprintf.o)
 .debug_frame   0x00001728       0x60 C:/NXP/S32DS.3.5/S32DS/build_tools/gcc_b1620/gcc-6.3-arm32-eabi/arm-none-eabi/newlib/lib/thumb/v7e-m/fpv4-sp/hard\libc_nano.a(lib_a-nano-vfprintf_i.o)
 .debug_frame   0x00001788       0x28 C:/NXP/S32DS.3.5/S32DS/build_tools/gcc_b1620/gcc-6.3-arm32-eabi/arm-none-eabi/newlib/lib/thumb/v7e-m/fpv4-sp/hard\libc_nano.a(lib_a-memcpy-stub.o)
 .debug_frame   0x000017b0       0x28 C:/NXP/S32DS.3.5/S32DS/build_tools/gcc_b1620/gcc-6.3-arm32-eabi/arm-none-eabi/newlib/lib/thumb/v7e-m/fpv4-sp/hard\libc_nano.a(lib_a-memmove.o)
 .debug_frame   0x000017d8       0x38 C:/NXP/S32DS.3.5/S32DS/build_tools/gcc_b1620/gcc-6.3-arm32-eabi/arm-none-eabi/newlib/lib/thumb/v7e-m/fpv4-sp/hard\libc_nano.a(lib_a-nano-freer.o)
 .debug_frame   0x00001810       0x2c C:/NXP/S32DS.3.5/S32DS/build_tools/gcc_b1620/gcc-6.3-arm32-eabi/arm-none-eabi/newlib/lib/thumb/v7e-m/fpv4-sp/hard\libc_nano.a(lib_a-nano-mallocr.o)
 .debug_frame   0x0000183c       0x3c C:/NXP/S32DS.3.5/S32DS/build_tools/gcc_b1620/gcc-6.3-arm32-eabi/arm-none-eabi/newlib/lib/thumb/v7e-m/fpv4-sp/hard\libc_nano.a(lib_a-nano-reallocr.o)
 .debug_frame   0x00001878       0x2c C:/NXP/S32DS.3.5/S32DS/build_tools/gcc_b1620/gcc-6.3-arm32-eabi/arm-none-eabi/newlib/lib/thumb/v7e-m/fpv4-sp/hard\libc_nano.a(lib_a-sbrkr.o)
 .debug_frame   0x000018a4       0x30 C:/NXP/S32DS.3.5/S32DS/build_tools/gcc_b1620/gcc-6.3-arm32-eabi/arm-none-eabi/newlib/lib/thumb/v7e-m/fpv4-sp/hard\libc_nano.a(lib_a-mlock.o)
 .debug_frame   0x000018d4       0x20 C:/NXP/S32DS.3.5/S32DS/build_tools/gcc_b1620/gcc-6.3-arm32-eabi/arm-none-eabi/newlib/lib/thumb/v7e-m/fpv4-sp/hard\libc_nano.a(lib_a-nano-msizer.o)
 .debug_frame   0x000018f4       0x5c C:/NXP/S32DS.3.5/S32DS/build_tools/gcc_b1620/gcc-6.3-arm32-eabi/arm-none-eabi/newlib/lib/thumb/v7e-m/fpv4-sp/hard\libc_nano.a(lib_a-reent.o)
 .debug_frame   0x00001950       0x20 C:/NXP/S32DS.3.5/S32DS/build_tools/gcc_b1620/gcc-6.3-arm32-eabi/arm-none-eabi/newlib/lib/thumb/v7e-m/fpv4-sp/hard\libnosys.a(sbrk.o)
